c:\2020-1학기\컴퓨터프로그래밍\실습\chap09\chap09\debug\vc142.pdb
c:\2020-1학기\컴퓨터프로그래밍\실습\chap09\chap09\debug\vc142.idb
c:\2020-1학기\컴퓨터프로그래밍\실습\chap09\chap09\debug\local(p377).obj
c:\2020-1학기\컴퓨터프로그래밍\실습\chap09\chap09\debug\local1(p378).obj
c:\2020-1학기\컴퓨터프로그래밍\실습\chap09\chap09\debug\local2(p379).obj
c:\2020-1학기\컴퓨터프로그래밍\실습\chap09\chap09\debug\global.obj
c:\2020-1학기\컴퓨터프로그래밍\실습\chap09\chap09\debug\test.obj
c:\2020-1학기\컴퓨터프로그래밍\실습\chap09\chap09\debug\global2(p382).obj
c:\2020-1학기\컴퓨터프로그래밍\실습\chap09\chap09\debug\static.obj
c:\2020-1학기\컴퓨터프로그래밍\실습\chap09\chap09\debug\saving.obj
c:\2020-1학기\컴퓨터프로그래밍\실습\chap09\chap09\debug\factorial.obj
c:\2020-1학기\컴퓨터프로그래밍\실습\chap09\debug\chap09.exe
c:\2020-1학기\컴퓨터프로그래밍\실습\chap09\debug\chap09.ilk
c:\2020-1학기\컴퓨터프로그래밍\실습\chap09\debug\chap09.pdb
d:\0000-수업\2023-1학기\컴퓨터프로그래밍\22실습소스\chap09\chap09\debug\factorial.obj
d:\0000-수업\2023-1학기\컴퓨터프로그래밍\22실습소스\chap09\chap09\debug\global.obj
d:\0000-수업\2023-1학기\컴퓨터프로그래밍\22실습소스\chap09\chap09\debug\global2(p382).obj
d:\0000-수업\2023-1학기\컴퓨터프로그래밍\22실습소스\chap09\chap09\debug\local(p377).obj
d:\0000-수업\2023-1학기\컴퓨터프로그래밍\22실습소스\chap09\chap09\debug\local1(p378).obj
d:\0000-수업\2023-1학기\컴퓨터프로그래밍\22실습소스\chap09\chap09\debug\local2(p379).obj
d:\0000-수업\2023-1학기\컴퓨터프로그래밍\22실습소스\chap09\chap09\debug\saving.obj
d:\0000-수업\2023-1학기\컴퓨터프로그래밍\22실습소스\chap09\chap09\debug\static.obj
d:\0000-수업\2023-1학기\컴퓨터프로그래밍\22실습소스\chap09\chap09\debug\test.obj
d:\0000-수업\2023-1학기\컴퓨터프로그래밍\22실습소스\chap09\chap09\debug\vc142.idb
d:\0000-수업\2023-1학기\컴퓨터프로그래밍\22실습소스\chap09\chap09\debug\vc142.pdb
d:\0000-수업\2023-1학기\컴퓨터프로그래밍\22실습소스\chap09\debug\chap09.pdb
d:\0000-수업\2023-1학기\컴퓨터프로그래밍\22실습소스\chap09\debug\chap09.exe
d:\0000-수업\2023-1학기\컴퓨터프로그래밍\22실습소스\chap09\debug\chap09.ilk
d:\0000-수업\2023-1학기\컴퓨터프로그래밍\22실습소스\chap09\chap09\debug\chap09.tlog\cl.command.1.tlog
d:\0000-수업\2023-1학기\컴퓨터프로그래밍\22실습소스\chap09\chap09\debug\chap09.tlog\cl.read.1.tlog
d:\0000-수업\2023-1학기\컴퓨터프로그래밍\22실습소스\chap09\chap09\debug\chap09.tlog\cl.write.1.tlog
d:\0000-수업\2023-1학기\컴퓨터프로그래밍\22실습소스\chap09\chap09\debug\chap09.tlog\link.command.1.tlog
d:\0000-수업\2023-1학기\컴퓨터프로그래밍\22실습소스\chap09\chap09\debug\chap09.tlog\link.read.1.tlog
d:\0000-수업\2023-1학기\컴퓨터프로그래밍\22실습소스\chap09\chap09\debug\chap09.tlog\link.write.1.tlog
